Archive member included to satisfy reference by file (symbol)

d:/program files (x86)/atmel/studio/7.0/toolchain/avr8/avr8-gnu-toolchain/bin/../lib/gcc/avr/4.9.2/avr5\libgcc.a(_udivmodsi4.o)
                              src/ASF/mega/drivers/usart/usart_mega.o (__udivmodsi4)
d:/program files (x86)/atmel/studio/7.0/toolchain/avr8/avr8-gnu-toolchain/bin/../lib/gcc/avr/4.9.2/avr5\libgcc.a(_exit.o)
                              D:/Program Files (x86)/Atmel/Studio/7.0/Packs/atmel/ATmega_DFP/1.1.130/gcc/dev/atmega328p/avr5/crtatmega328p.o (exit)
d:/program files (x86)/atmel/studio/7.0/toolchain/avr8/avr8-gnu-toolchain/bin/../lib/gcc/avr/4.9.2/avr5\libgcc.a(_copy_data.o)
                              main.o (__do_copy_data)

Discarded input sections

 .data          0x00000000        0x0 D:/Program Files (x86)/Atmel/Studio/7.0/Packs/atmel/ATmega_DFP/1.1.130/gcc/dev/atmega328p/avr5/crtatmega328p.o
 .bss           0x00000000        0x0 D:/Program Files (x86)/Atmel/Studio/7.0/Packs/atmel/ATmega_DFP/1.1.130/gcc/dev/atmega328p/avr5/crtatmega328p.o
 .group         0x00000000        0x8 main.o
 .group         0x00000000        0x8 main.o
 .group         0x00000000        0x8 main.o
 .group         0x00000000        0x8 main.o
 .group         0x00000000        0x8 main.o
 .group         0x00000000        0x8 main.o
 .group         0x00000000        0x8 main.o
 .group         0x00000000        0x8 main.o
 .group         0x00000000        0x8 main.o
 .group         0x00000000        0x8 main.o
 .group         0x00000000        0x8 main.o
 .group         0x00000000        0x8 main.o
 .group         0x00000000        0x8 main.o
 .group         0x00000000        0x8 main.o
 .group         0x00000000        0x8 main.o
 .group         0x00000000        0x8 main.o
 .group         0x00000000        0x8 main.o
 .group         0x00000000        0x8 main.o
 .group         0x00000000        0x8 main.o
 .group         0x00000000        0x8 main.o
 .group         0x00000000        0x8 main.o
 .group         0x00000000        0x8 main.o
 .group         0x00000000        0x8 main.o
 .group         0x00000000        0x8 main.o
 .group         0x00000000        0x8 main.o
 .group         0x00000000        0x8 main.o
 .group         0x00000000        0x8 main.o
 .group         0x00000000        0x8 main.o
 .text          0x00000000        0x0 main.o
 .data          0x00000000        0x0 main.o
 .bss           0x00000000        0x0 main.o
 .group         0x00000000        0x8 src/ASF/common/services/clock/mega/sysclk.o
 .group         0x00000000        0x8 src/ASF/common/services/clock/mega/sysclk.o
 .group         0x00000000        0x8 src/ASF/common/services/clock/mega/sysclk.o
 .group         0x00000000        0x8 src/ASF/common/services/clock/mega/sysclk.o
 .group         0x00000000        0x8 src/ASF/common/services/clock/mega/sysclk.o
 .group         0x00000000        0x8 src/ASF/common/services/clock/mega/sysclk.o
 .group         0x00000000        0x8 src/ASF/common/services/clock/mega/sysclk.o
 .group         0x00000000        0x8 src/ASF/common/services/clock/mega/sysclk.o
 .group         0x00000000        0x8 src/ASF/common/services/clock/mega/sysclk.o
 .group         0x00000000        0x8 src/ASF/common/services/clock/mega/sysclk.o
 .group         0x00000000        0x8 src/ASF/common/services/clock/mega/sysclk.o
 .group         0x00000000        0x8 src/ASF/common/services/clock/mega/sysclk.o
 .group         0x00000000        0x8 src/ASF/common/services/clock/mega/sysclk.o
 .group         0x00000000        0x8 src/ASF/common/services/clock/mega/sysclk.o
 .group         0x00000000        0x8 src/ASF/common/services/clock/mega/sysclk.o
 .group         0x00000000        0x8 src/ASF/common/services/clock/mega/sysclk.o
 .group         0x00000000        0x8 src/ASF/common/services/clock/mega/sysclk.o
 .group         0x00000000        0x8 src/ASF/common/services/clock/mega/sysclk.o
 .group         0x00000000        0x8 src/ASF/common/services/clock/mega/sysclk.o
 .group         0x00000000        0x8 src/ASF/common/services/clock/mega/sysclk.o
 .group         0x00000000        0x8 src/ASF/common/services/clock/mega/sysclk.o
 .group         0x00000000        0x8 src/ASF/common/services/clock/mega/sysclk.o
 .group         0x00000000        0x8 src/ASF/common/services/clock/mega/sysclk.o
 .group         0x00000000        0x8 src/ASF/common/services/clock/mega/sysclk.o
 .group         0x00000000        0x8 src/ASF/common/services/clock/mega/sysclk.o
 .group         0x00000000        0x8 src/ASF/common/services/clock/mega/sysclk.o
 .text          0x00000000        0x0 src/ASF/common/services/clock/mega/sysclk.o
 .data          0x00000000        0x0 src/ASF/common/services/clock/mega/sysclk.o
 .bss           0x00000000        0x0 src/ASF/common/services/clock/mega/sysclk.o
 .text.sysclk_init
                0x00000000       0x32 src/ASF/common/services/clock/mega/sysclk.o
 .text.sysclk_disable_module
                0x00000000       0x2a src/ASF/common/services/clock/mega/sysclk.o
 .debug_macro   0x00000000      0xa4e src/ASF/common/services/clock/mega/sysclk.o
 .debug_macro   0x00000000       0x10 src/ASF/common/services/clock/mega/sysclk.o
 .debug_macro   0x00000000      0x1c9 src/ASF/common/services/clock/mega/sysclk.o
 .debug_macro   0x00000000      0x2fc src/ASF/common/services/clock/mega/sysclk.o
 .debug_macro   0x00000000       0x9e src/ASF/common/services/clock/mega/sysclk.o
 .debug_macro   0x00000000     0x1410 src/ASF/common/services/clock/mega/sysclk.o
 .debug_macro   0x00000000      0x13a src/ASF/common/services/clock/mega/sysclk.o
 .debug_macro   0x00000000       0xbd src/ASF/common/services/clock/mega/sysclk.o
 .debug_macro   0x00000000       0x34 src/ASF/common/services/clock/mega/sysclk.o
 .debug_macro   0x00000000       0x18 src/ASF/common/services/clock/mega/sysclk.o
 .debug_macro   0x00000000       0x6c src/ASF/common/services/clock/mega/sysclk.o
 .debug_macro   0x00000000       0x22 src/ASF/common/services/clock/mega/sysclk.o
 .debug_macro   0x00000000      0x166 src/ASF/common/services/clock/mega/sysclk.o
 .debug_macro   0x00000000       0x1c src/ASF/common/services/clock/mega/sysclk.o
 .debug_macro   0x00000000       0x35 src/ASF/common/services/clock/mega/sysclk.o
 .debug_macro   0x00000000      0x64b src/ASF/common/services/clock/mega/sysclk.o
 .debug_macro   0x00000000       0x44 src/ASF/common/services/clock/mega/sysclk.o
 .debug_macro   0x00000000       0x69 src/ASF/common/services/clock/mega/sysclk.o
 .debug_macro   0x00000000       0x2c src/ASF/common/services/clock/mega/sysclk.o
 .debug_macro   0x00000000       0x10 src/ASF/common/services/clock/mega/sysclk.o
 .debug_macro   0x00000000       0xe2 src/ASF/common/services/clock/mega/sysclk.o
 .debug_macro   0x00000000       0x40 src/ASF/common/services/clock/mega/sysclk.o
 .debug_macro   0x00000000      0x100 src/ASF/common/services/clock/mega/sysclk.o
 .group         0x00000000        0x8 src/ASF/mega/drivers/usart/usart_mega.o
 .group         0x00000000        0x8 src/ASF/mega/drivers/usart/usart_mega.o
 .group         0x00000000        0x8 src/ASF/mega/drivers/usart/usart_mega.o
 .group         0x00000000        0x8 src/ASF/mega/drivers/usart/usart_mega.o
 .group         0x00000000        0x8 src/ASF/mega/drivers/usart/usart_mega.o
 .group         0x00000000        0x8 src/ASF/mega/drivers/usart/usart_mega.o
 .group         0x00000000        0x8 src/ASF/mega/drivers/usart/usart_mega.o
 .group         0x00000000        0x8 src/ASF/mega/drivers/usart/usart_mega.o
 .group         0x00000000        0x8 src/ASF/mega/drivers/usart/usart_mega.o
 .group         0x00000000        0x8 src/ASF/mega/drivers/usart/usart_mega.o
 .group         0x00000000        0x8 src/ASF/mega/drivers/usart/usart_mega.o
 .group         0x00000000        0x8 src/ASF/mega/drivers/usart/usart_mega.o
 .group         0x00000000        0x8 src/ASF/mega/drivers/usart/usart_mega.o
 .group         0x00000000        0x8 src/ASF/mega/drivers/usart/usart_mega.o
 .group         0x00000000        0x8 src/ASF/mega/drivers/usart/usart_mega.o
 .group         0x00000000        0x8 src/ASF/mega/drivers/usart/usart_mega.o
 .group         0x00000000        0x8 src/ASF/mega/drivers/usart/usart_mega.o
 .group         0x00000000        0x8 src/ASF/mega/drivers/usart/usart_mega.o
 .group         0x00000000        0x8 src/ASF/mega/drivers/usart/usart_mega.o
 .group         0x00000000        0x8 src/ASF/mega/drivers/usart/usart_mega.o
 .group         0x00000000        0x8 src/ASF/mega/drivers/usart/usart_mega.o
 .group         0x00000000        0x8 src/ASF/mega/drivers/usart/usart_mega.o
 .group         0x00000000        0x8 src/ASF/mega/drivers/usart/usart_mega.o
 .group         0x00000000        0x8 src/ASF/mega/drivers/usart/usart_mega.o
 .group         0x00000000        0x8 src/ASF/mega/drivers/usart/usart_mega.o
 .group         0x00000000        0x8 src/ASF/mega/drivers/usart/usart_mega.o
 .group         0x00000000        0x8 src/ASF/mega/drivers/usart/usart_mega.o
 .group         0x00000000        0x8 src/ASF/mega/drivers/usart/usart_mega.o
 .text          0x00000000        0x0 src/ASF/mega/drivers/usart/usart_mega.o
 .data          0x00000000        0x0 src/ASF/mega/drivers/usart/usart_mega.o
 .bss           0x00000000        0x0 src/ASF/mega/drivers/usart/usart_mega.o
 .text.usart_getchar
                0x00000000        0xc src/ASF/mega/drivers/usart/usart_mega.o
 .text.usart_set_baudrate
                0x00000000       0xf0 src/ASF/mega/drivers/usart/usart_mega.o
 .text.usart_init_rs232
                0x00000000       0x88 src/ASF/mega/drivers/usart/usart_mega.o
 .text.usart_spi_set_baudrate
                0x00000000       0x68 src/ASF/mega/drivers/usart/usart_mega.o
 .text.usart_init_spi
                0x00000000       0x98 src/ASF/mega/drivers/usart/usart_mega.o
 .text.putcharFromPM
                0x00000000       0x28 src/ASF/mega/drivers/usart/usart_mega.o
 .debug_macro   0x00000000      0xa4e src/ASF/mega/drivers/usart/usart_mega.o
 .debug_macro   0x00000000      0x1c9 src/ASF/mega/drivers/usart/usart_mega.o
 .debug_macro   0x00000000       0x10 src/ASF/mega/drivers/usart/usart_mega.o
 .debug_macro   0x00000000       0x9e src/ASF/mega/drivers/usart/usart_mega.o
 .debug_macro   0x00000000     0x1410 src/ASF/mega/drivers/usart/usart_mega.o
 .debug_macro   0x00000000      0x13a src/ASF/mega/drivers/usart/usart_mega.o
 .debug_macro   0x00000000       0xbd src/ASF/mega/drivers/usart/usart_mega.o
 .debug_macro   0x00000000       0x34 src/ASF/mega/drivers/usart/usart_mega.o
 .debug_macro   0x00000000       0x18 src/ASF/mega/drivers/usart/usart_mega.o
 .debug_macro   0x00000000       0x6c src/ASF/mega/drivers/usart/usart_mega.o
 .debug_macro   0x00000000       0x22 src/ASF/mega/drivers/usart/usart_mega.o
 .debug_macro   0x00000000      0x166 src/ASF/mega/drivers/usart/usart_mega.o
 .debug_macro   0x00000000       0x1c src/ASF/mega/drivers/usart/usart_mega.o
 .debug_macro   0x00000000       0x35 src/ASF/mega/drivers/usart/usart_mega.o
 .debug_macro   0x00000000       0x66 src/ASF/mega/drivers/usart/usart_mega.o
 .debug_macro   0x00000000      0x64b src/ASF/mega/drivers/usart/usart_mega.o
 .debug_macro   0x00000000       0x44 src/ASF/mega/drivers/usart/usart_mega.o
 .debug_macro   0x00000000       0x69 src/ASF/mega/drivers/usart/usart_mega.o
 .debug_macro   0x00000000       0x2c src/ASF/mega/drivers/usart/usart_mega.o
 .debug_macro   0x00000000       0x10 src/ASF/mega/drivers/usart/usart_mega.o
 .debug_macro   0x00000000       0xe2 src/ASF/mega/drivers/usart/usart_mega.o
 .debug_macro   0x00000000       0x40 src/ASF/mega/drivers/usart/usart_mega.o
 .debug_macro   0x00000000      0x100 src/ASF/mega/drivers/usart/usart_mega.o
 .debug_macro   0x00000000      0x1c8 src/ASF/mega/drivers/usart/usart_mega.o
 .debug_macro   0x00000000       0x40 src/ASF/mega/drivers/usart/usart_mega.o
 .debug_macro   0x00000000       0x83 src/ASF/mega/drivers/usart/usart_mega.o
 .debug_macro   0x00000000       0x56 src/ASF/mega/drivers/usart/usart_mega.o
 .group         0x00000000        0x8 src/ASF/common/boards/user_board/init.o
 .group         0x00000000        0x8 src/ASF/common/boards/user_board/init.o
 .group         0x00000000        0x8 src/ASF/common/boards/user_board/init.o
 .group         0x00000000        0x8 src/ASF/common/boards/user_board/init.o
 .group         0x00000000        0x8 src/ASF/common/boards/user_board/init.o
 .group         0x00000000        0x8 src/ASF/common/boards/user_board/init.o
 .group         0x00000000        0x8 src/ASF/common/boards/user_board/init.o
 .group         0x00000000        0x8 src/ASF/common/boards/user_board/init.o
 .group         0x00000000        0x8 src/ASF/common/boards/user_board/init.o
 .group         0x00000000        0x8 src/ASF/common/boards/user_board/init.o
 .group         0x00000000        0x8 src/ASF/common/boards/user_board/init.o
 .group         0x00000000        0x8 src/ASF/common/boards/user_board/init.o
 .group         0x00000000        0x8 src/ASF/common/boards/user_board/init.o
 .group         0x00000000        0x8 src/ASF/common/boards/user_board/init.o
 .group         0x00000000        0x8 src/ASF/common/boards/user_board/init.o
 .group         0x00000000        0x8 src/ASF/common/boards/user_board/init.o
 .group         0x00000000        0x8 src/ASF/common/boards/user_board/init.o
 .group         0x00000000        0x8 src/ASF/common/boards/user_board/init.o
 .group         0x00000000        0x8 src/ASF/common/boards/user_board/init.o
 .group         0x00000000        0x8 src/ASF/common/boards/user_board/init.o
 .group         0x00000000        0x8 src/ASF/common/boards/user_board/init.o
 .group         0x00000000        0x8 src/ASF/common/boards/user_board/init.o
 .group         0x00000000        0x8 src/ASF/common/boards/user_board/init.o
 .group         0x00000000        0x8 src/ASF/common/boards/user_board/init.o
 .group         0x00000000        0x8 src/ASF/common/boards/user_board/init.o
 .group         0x00000000        0x8 src/ASF/common/boards/user_board/init.o
 .group         0x00000000        0x8 src/ASF/common/boards/user_board/init.o
 .group         0x00000000        0x8 src/ASF/common/boards/user_board/init.o
 .group         0x00000000        0x8 src/ASF/common/boards/user_board/init.o
 .text          0x00000000        0x0 src/ASF/common/boards/user_board/init.o
 .data          0x00000000        0x0 src/ASF/common/boards/user_board/init.o
 .bss           0x00000000        0x0 src/ASF/common/boards/user_board/init.o
 .debug_info    0x00000000       0xe1 src/ASF/common/boards/user_board/init.o
 .debug_abbrev  0x00000000       0x6d src/ASF/common/boards/user_board/init.o
 .debug_aranges
                0x00000000       0x18 src/ASF/common/boards/user_board/init.o
 .debug_macro   0x00000000      0x18b src/ASF/common/boards/user_board/init.o
 .debug_macro   0x00000000      0xa4e src/ASF/common/boards/user_board/init.o
 .debug_macro   0x00000000       0x10 src/ASF/common/boards/user_board/init.o
 .debug_macro   0x00000000      0x1c9 src/ASF/common/boards/user_board/init.o
 .debug_macro   0x00000000      0x2fc src/ASF/common/boards/user_board/init.o
 .debug_macro   0x00000000       0x9e src/ASF/common/boards/user_board/init.o
 .debug_macro   0x00000000     0x1410 src/ASF/common/boards/user_board/init.o
 .debug_macro   0x00000000      0x13a src/ASF/common/boards/user_board/init.o
 .debug_macro   0x00000000       0xbd src/ASF/common/boards/user_board/init.o
 .debug_macro   0x00000000       0x34 src/ASF/common/boards/user_board/init.o
 .debug_macro   0x00000000       0x18 src/ASF/common/boards/user_board/init.o
 .debug_macro   0x00000000       0x6c src/ASF/common/boards/user_board/init.o
 .debug_macro   0x00000000       0x22 src/ASF/common/boards/user_board/init.o
 .debug_macro   0x00000000      0x166 src/ASF/common/boards/user_board/init.o
 .debug_macro   0x00000000       0x1c src/ASF/common/boards/user_board/init.o
 .debug_macro   0x00000000       0x35 src/ASF/common/boards/user_board/init.o
 .debug_macro   0x00000000       0x66 src/ASF/common/boards/user_board/init.o
 .debug_macro   0x00000000      0x64b src/ASF/common/boards/user_board/init.o
 .debug_macro   0x00000000       0x44 src/ASF/common/boards/user_board/init.o
 .debug_macro   0x00000000       0x69 src/ASF/common/boards/user_board/init.o
 .debug_macro   0x00000000       0x2c src/ASF/common/boards/user_board/init.o
 .debug_macro   0x00000000       0x10 src/ASF/common/boards/user_board/init.o
 .debug_macro   0x00000000       0xe2 src/ASF/common/boards/user_board/init.o
 .debug_macro   0x00000000       0x40 src/ASF/common/boards/user_board/init.o
 .debug_macro   0x00000000      0x100 src/ASF/common/boards/user_board/init.o
 .debug_macro   0x00000000       0x1c src/ASF/common/boards/user_board/init.o
 .debug_macro   0x00000000       0x56 src/ASF/common/boards/user_board/init.o
 .debug_macro   0x00000000       0x40 src/ASF/common/boards/user_board/init.o
 .debug_macro   0x00000000       0x83 src/ASF/common/boards/user_board/init.o
 .debug_macro   0x00000000      0x1ce src/ASF/common/boards/user_board/init.o
 .debug_line    0x00000000      0x48e src/ASF/common/boards/user_board/init.o
 .debug_str     0x00000000     0xf42a src/ASF/common/boards/user_board/init.o
 .comment       0x00000000       0x31 src/ASF/common/boards/user_board/init.o
 .text          0x00000000        0x0 d:/program files (x86)/atmel/studio/7.0/toolchain/avr8/avr8-gnu-toolchain/bin/../lib/gcc/avr/4.9.2/avr5\libgcc.a(_udivmodsi4.o)
 .data          0x00000000        0x0 d:/program files (x86)/atmel/studio/7.0/toolchain/avr8/avr8-gnu-toolchain/bin/../lib/gcc/avr/4.9.2/avr5\libgcc.a(_udivmodsi4.o)
 .bss           0x00000000        0x0 d:/program files (x86)/atmel/studio/7.0/toolchain/avr8/avr8-gnu-toolchain/bin/../lib/gcc/avr/4.9.2/avr5\libgcc.a(_udivmodsi4.o)
 .text.libgcc.mul
                0x00000000        0x0 d:/program files (x86)/atmel/studio/7.0/toolchain/avr8/avr8-gnu-toolchain/bin/../lib/gcc/avr/4.9.2/avr5\libgcc.a(_udivmodsi4.o)
 .text.libgcc.div
                0x00000000       0x44 d:/program files (x86)/atmel/studio/7.0/toolchain/avr8/avr8-gnu-toolchain/bin/../lib/gcc/avr/4.9.2/avr5\libgcc.a(_udivmodsi4.o)
 .text.libgcc   0x00000000        0x0 d:/program files (x86)/atmel/studio/7.0/toolchain/avr8/avr8-gnu-toolchain/bin/../lib/gcc/avr/4.9.2/avr5\libgcc.a(_udivmodsi4.o)
 .text.libgcc.prologue
                0x00000000        0x0 d:/program files (x86)/atmel/studio/7.0/toolchain/avr8/avr8-gnu-toolchain/bin/../lib/gcc/avr/4.9.2/avr5\libgcc.a(_udivmodsi4.o)
 .text.libgcc.builtins
                0x00000000        0x0 d:/program files (x86)/atmel/studio/7.0/toolchain/avr8/avr8-gnu-toolchain/bin/../lib/gcc/avr/4.9.2/avr5\libgcc.a(_udivmodsi4.o)
 .text.libgcc.fmul
                0x00000000        0x0 d:/program files (x86)/atmel/studio/7.0/toolchain/avr8/avr8-gnu-toolchain/bin/../lib/gcc/avr/4.9.2/avr5\libgcc.a(_udivmodsi4.o)
 .text.libgcc.fixed
                0x00000000        0x0 d:/program files (x86)/atmel/studio/7.0/toolchain/avr8/avr8-gnu-toolchain/bin/../lib/gcc/avr/4.9.2/avr5\libgcc.a(_udivmodsi4.o)
 .text          0x00000000        0x0 d:/program files (x86)/atmel/studio/7.0/toolchain/avr8/avr8-gnu-toolchain/bin/../lib/gcc/avr/4.9.2/avr5\libgcc.a(_exit.o)
 .data          0x00000000        0x0 d:/program files (x86)/atmel/studio/7.0/toolchain/avr8/avr8-gnu-toolchain/bin/../lib/gcc/avr/4.9.2/avr5\libgcc.a(_exit.o)
 .bss           0x00000000        0x0 d:/program files (x86)/atmel/studio/7.0/toolchain/avr8/avr8-gnu-toolchain/bin/../lib/gcc/avr/4.9.2/avr5\libgcc.a(_exit.o)
 .text.libgcc.mul
                0x00000000        0x0 d:/program files (x86)/atmel/studio/7.0/toolchain/avr8/avr8-gnu-toolchain/bin/../lib/gcc/avr/4.9.2/avr5\libgcc.a(_exit.o)
 .text.libgcc.div
                0x00000000        0x0 d:/program files (x86)/atmel/studio/7.0/toolchain/avr8/avr8-gnu-toolchain/bin/../lib/gcc/avr/4.9.2/avr5\libgcc.a(_exit.o)
 .text.libgcc   0x00000000        0x0 d:/program files (x86)/atmel/studio/7.0/toolchain/avr8/avr8-gnu-toolchain/bin/../lib/gcc/avr/4.9.2/avr5\libgcc.a(_exit.o)
 .text.libgcc.prologue
                0x00000000        0x0 d:/program files (x86)/atmel/studio/7.0/toolchain/avr8/avr8-gnu-toolchain/bin/../lib/gcc/avr/4.9.2/avr5\libgcc.a(_exit.o)
 .text.libgcc.builtins
                0x00000000        0x0 d:/program files (x86)/atmel/studio/7.0/toolchain/avr8/avr8-gnu-toolchain/bin/../lib/gcc/avr/4.9.2/avr5\libgcc.a(_exit.o)
 .text.libgcc.fmul
                0x00000000        0x0 d:/program files (x86)/atmel/studio/7.0/toolchain/avr8/avr8-gnu-toolchain/bin/../lib/gcc/avr/4.9.2/avr5\libgcc.a(_exit.o)
 .text.libgcc.fixed
                0x00000000        0x0 d:/program files (x86)/atmel/studio/7.0/toolchain/avr8/avr8-gnu-toolchain/bin/../lib/gcc/avr/4.9.2/avr5\libgcc.a(_exit.o)
 .text          0x00000000        0x0 d:/program files (x86)/atmel/studio/7.0/toolchain/avr8/avr8-gnu-toolchain/bin/../lib/gcc/avr/4.9.2/avr5\libgcc.a(_copy_data.o)
 .data          0x00000000        0x0 d:/program files (x86)/atmel/studio/7.0/toolchain/avr8/avr8-gnu-toolchain/bin/../lib/gcc/avr/4.9.2/avr5\libgcc.a(_copy_data.o)
 .bss           0x00000000        0x0 d:/program files (x86)/atmel/studio/7.0/toolchain/avr8/avr8-gnu-toolchain/bin/../lib/gcc/avr/4.9.2/avr5\libgcc.a(_copy_data.o)
 .text.libgcc.mul
                0x00000000        0x0 d:/program files (x86)/atmel/studio/7.0/toolchain/avr8/avr8-gnu-toolchain/bin/../lib/gcc/avr/4.9.2/avr5\libgcc.a(_copy_data.o)
 .text.libgcc.div
                0x00000000        0x0 d:/program files (x86)/atmel/studio/7.0/toolchain/avr8/avr8-gnu-toolchain/bin/../lib/gcc/avr/4.9.2/avr5\libgcc.a(_copy_data.o)
 .text.libgcc   0x00000000        0x0 d:/program files (x86)/atmel/studio/7.0/toolchain/avr8/avr8-gnu-toolchain/bin/../lib/gcc/avr/4.9.2/avr5\libgcc.a(_copy_data.o)
 .text.libgcc.prologue
                0x00000000        0x0 d:/program files (x86)/atmel/studio/7.0/toolchain/avr8/avr8-gnu-toolchain/bin/../lib/gcc/avr/4.9.2/avr5\libgcc.a(_copy_data.o)
 .text.libgcc.builtins
                0x00000000        0x0 d:/program files (x86)/atmel/studio/7.0/toolchain/avr8/avr8-gnu-toolchain/bin/../lib/gcc/avr/4.9.2/avr5\libgcc.a(_copy_data.o)
 .text.libgcc.fmul
                0x00000000        0x0 d:/program files (x86)/atmel/studio/7.0/toolchain/avr8/avr8-gnu-toolchain/bin/../lib/gcc/avr/4.9.2/avr5\libgcc.a(_copy_data.o)
 .text.libgcc.fixed
                0x00000000        0x0 d:/program files (x86)/atmel/studio/7.0/toolchain/avr8/avr8-gnu-toolchain/bin/../lib/gcc/avr/4.9.2/avr5\libgcc.a(_copy_data.o)

Memory Configuration

Name             Origin             Length             Attributes
text             0x00000000         0x00020000         xr
data             0x00800060         0x0000ffa0         rw !x
eeprom           0x00810000         0x00010000         rw !x
fuse             0x00820000         0x00000003         rw !x
lock             0x00830000         0x00000400         rw !x
signature        0x00840000         0x00000400         rw !x
user_signatures  0x00850000         0x00000400         rw !x
*default*        0x00000000         0xffffffff

Linker script and memory map

Address of section .data set to 0x800100
LOAD D:/Program Files (x86)/Atmel/Studio/7.0/Packs/atmel/ATmega_DFP/1.1.130/gcc/dev/atmega328p/avr5/crtatmega328p.o
LOAD main.o
LOAD src/ASF/common/services/clock/mega/sysclk.o
LOAD src/ASF/mega/drivers/usart/usart_mega.o
LOAD src/ASF/common/boards/user_board/init.o
START GROUP
LOAD d:/program files (x86)/atmel/studio/7.0/toolchain/avr8/avr8-gnu-toolchain/bin/../lib/gcc/avr/4.9.2/../../../../avr/lib/avr5\libm.a
END GROUP
START GROUP
LOAD d:/program files (x86)/atmel/studio/7.0/toolchain/avr8/avr8-gnu-toolchain/bin/../lib/gcc/avr/4.9.2/avr5\libgcc.a
LOAD d:/program files (x86)/atmel/studio/7.0/toolchain/avr8/avr8-gnu-toolchain/bin/../lib/gcc/avr/4.9.2/../../../../avr/lib/avr5\libm.a
LOAD d:/program files (x86)/atmel/studio/7.0/toolchain/avr8/avr8-gnu-toolchain/bin/../lib/gcc/avr/4.9.2/../../../../avr/lib/avr5\libc.a
LOAD D:/Program Files (x86)/Atmel/Studio/7.0/Packs/atmel/ATmega_DFP/1.1.130/gcc/dev/atmega328p/avr5\libatmega328p.a
END GROUP
                0x00020000                __TEXT_REGION_LENGTH__ = DEFINED (__TEXT_REGION_LENGTH__)?__TEXT_REGION_LENGTH__:0x20000
                0x0000ffa0                __DATA_REGION_LENGTH__ = DEFINED (__DATA_REGION_LENGTH__)?__DATA_REGION_LENGTH__:0xffa0
                0x00010000                __EEPROM_REGION_LENGTH__ = DEFINED (__EEPROM_REGION_LENGTH__)?__EEPROM_REGION_LENGTH__:0x10000
                [0x00000003]                __FUSE_REGION_LENGTH__ = DEFINED (__FUSE_REGION_LENGTH__)?__FUSE_REGION_LENGTH__:0x400
                0x00000400                __LOCK_REGION_LENGTH__ = DEFINED (__LOCK_REGION_LENGTH__)?__LOCK_REGION_LENGTH__:0x400
                0x00000400                __SIGNATURE_REGION_LENGTH__ = DEFINED (__SIGNATURE_REGION_LENGTH__)?__SIGNATURE_REGION_LENGTH__:0x400
                0x00000400                __USER_SIGNATURE_REGION_LENGTH__ = DEFINED (__USER_SIGNATURE_REGION_LENGTH__)?__USER_SIGNATURE_REGION_LENGTH__:0x400

.hash
 *(.hash)

.dynsym
 *(.dynsym)

.dynstr
 *(.dynstr)

.gnu.version
 *(.gnu.version)

.gnu.version_d
 *(.gnu.version_d)

.gnu.version_r
 *(.gnu.version_r)

.rel.init
 *(.rel.init)

.rela.init
 *(.rela.init)

.rel.text
 *(.rel.text)
 *(.rel.text.*)
 *(.rel.gnu.linkonce.t*)

.rela.text
 *(.rela.text)
 *(.rela.text.*)
 *(.rela.gnu.linkonce.t*)

.rel.fini
 *(.rel.fini)

.rela.fini
 *(.rela.fini)

.rel.rodata
 *(.rel.rodata)
 *(.rel.rodata.*)
 *(.rel.gnu.linkonce.r*)

.rela.rodata
 *(.rela.rodata)
 *(.rela.rodata.*)
 *(.rela.gnu.linkonce.r*)

.rel.data
 *(.rel.data)
 *(.rel.data.*)
 *(.rel.gnu.linkonce.d*)

.rela.data
 *(.rela.data)
 *(.rela.data.*)
 *(.rela.gnu.linkonce.d*)

.rel.ctors
 *(.rel.ctors)

.rela.ctors
 *(.rela.ctors)

.rel.dtors
 *(.rel.dtors)

.rela.dtors
 *(.rela.dtors)

.rel.got
 *(.rel.got)

.rela.got
 *(.rela.got)

.rel.bss
 *(.rel.bss)

.rela.bss
 *(.rela.bss)

.rel.plt
 *(.rel.plt)

.rela.plt
 *(.rela.plt)

.text           0x00000000      0x2ca
 *(.vectors)
 .vectors       0x00000000       0x68 D:/Program Files (x86)/Atmel/Studio/7.0/Packs/atmel/ATmega_DFP/1.1.130/gcc/dev/atmega328p/avr5/crtatmega328p.o
                0x00000000                __vector_default
                0x00000000                __vectors
 *(.vectors)
 *(.progmem.gcc*)
                0x00000068                . = ALIGN (0x2)
                0x00000068                __trampolines_start = .
 *(.trampolines)
 .trampolines   0x00000068        0x0 linker stubs
 *(.trampolines*)
                0x00000068                __trampolines_end = .
 *libprintf_flt.a:*(.progmem.data)
 *libc.a:*(.progmem.data)
 *(.progmem*)
 .progmem.data.baudctrl_16mhz
                0x00000068        0xe src/ASF/mega/drivers/usart/usart_mega.o
 .progmem.data.baudctrl_8mhz
                0x00000076        0xe src/ASF/mega/drivers/usart/usart_mega.o
 .progmem.data.baudctrl_1mhz
                0x00000084        0xe src/ASF/mega/drivers/usart/usart_mega.o
                0x00000092                . = ALIGN (0x2)
 *(.jumptables)
 *(.jumptables*)
 *(.lowtext)
 *(.lowtext*)
                0x00000092                __ctors_start = .
 *(.ctors)
                0x00000092                __ctors_end = .
                0x00000092                __dtors_start = .
 *(.dtors)
                0x00000092                __dtors_end = .
 SORT(*)(.ctors)
 SORT(*)(.dtors)
 *(.init0)
 .init0         0x00000092        0x0 D:/Program Files (x86)/Atmel/Studio/7.0/Packs/atmel/ATmega_DFP/1.1.130/gcc/dev/atmega328p/avr5/crtatmega328p.o
                0x00000092                __init
 *(.init0)
 *(.init1)
 *(.init1)
 *(.init2)
 .init2         0x00000092        0xc D:/Program Files (x86)/Atmel/Studio/7.0/Packs/atmel/ATmega_DFP/1.1.130/gcc/dev/atmega328p/avr5/crtatmega328p.o
 *(.init2)
 *(.init3)
 *(.init3)
 *(.init4)
 .init4         0x0000009e       0x16 d:/program files (x86)/atmel/studio/7.0/toolchain/avr8/avr8-gnu-toolchain/bin/../lib/gcc/avr/4.9.2/avr5\libgcc.a(_copy_data.o)
                0x0000009e                __do_copy_data
 *(.init4)
 *(.init5)
 *(.init5)
 *(.init6)
 *(.init6)
 *(.init7)
 *(.init7)
 *(.init8)
 *(.init8)
 *(.init9)
 .init9         0x000000b4        0x4 D:/Program Files (x86)/Atmel/Studio/7.0/Packs/atmel/ATmega_DFP/1.1.130/gcc/dev/atmega328p/avr5/crtatmega328p.o
 *(.init9)
 *(.text)
 .text          0x000000b8        0x2 D:/Program Files (x86)/Atmel/Studio/7.0/Packs/atmel/ATmega_DFP/1.1.130/gcc/dev/atmega328p/avr5/crtatmega328p.o
                0x000000b8                __vector_22
                0x000000b8                __vector_1
                0x000000b8                __vector_24
                0x000000b8                __vector_12
                0x000000b8                __bad_interrupt
                0x000000b8                __vector_6
                0x000000b8                __vector_3
                0x000000b8                __vector_23
                0x000000b8                __vector_25
                0x000000b8                __vector_11
                0x000000b8                __vector_13
                0x000000b8                __vector_17
                0x000000b8                __vector_19
                0x000000b8                __vector_7
                0x000000b8                __vector_5
                0x000000b8                __vector_4
                0x000000b8                __vector_9
                0x000000b8                __vector_2
                0x000000b8                __vector_21
                0x000000b8                __vector_15
                0x000000b8                __vector_8
                0x000000b8                __vector_14
                0x000000b8                __vector_10
                0x000000b8                __vector_16
                0x000000b8                __vector_18
                0x000000b8                __vector_20
                0x000000ba                . = ALIGN (0x2)
 *(.text.*)
 .text.main     0x000000ba       0x48 main.o
                0x000000ba                main
 .text.sysclk_enable_module
                0x00000102       0x2c src/ASF/common/services/clock/mega/sysclk.o
                0x00000102                sysclk_enable_module
 .text.usart_putchar
                0x0000012e        0xe src/ASF/mega/drivers/usart/usart_mega.o
                0x0000012e                usart_putchar
 .text.usart_set_baudrate_precalculated
                0x0000013c       0xe8 src/ASF/mega/drivers/usart/usart_mega.o
                0x0000013c                usart_set_baudrate_precalculated
 .text.usart0_init_9600_8_1_n_16Mh
                0x00000224       0xa2 src/ASF/mega/drivers/usart/usart_mega.o
                0x00000224                usart0_init_9600_8_1_n_16Mh
                0x000002c6                . = ALIGN (0x2)
 *(.fini9)
 .fini9         0x000002c6        0x0 d:/program files (x86)/atmel/studio/7.0/toolchain/avr8/avr8-gnu-toolchain/bin/../lib/gcc/avr/4.9.2/avr5\libgcc.a(_exit.o)
                0x000002c6                _exit
                0x000002c6                exit
 *(.fini9)
 *(.fini8)
 *(.fini8)
 *(.fini7)
 *(.fini7)
 *(.fini6)
 *(.fini6)
 *(.fini5)
 *(.fini5)
 *(.fini4)
 *(.fini4)
 *(.fini3)
 *(.fini3)
 *(.fini2)
 *(.fini2)
 *(.fini1)
 *(.fini1)
 *(.fini0)
 .fini0         0x000002c6        0x4 d:/program files (x86)/atmel/studio/7.0/toolchain/avr8/avr8-gnu-toolchain/bin/../lib/gcc/avr/4.9.2/avr5\libgcc.a(_exit.o)
 *(.fini0)
                0x000002ca                _etext = .

.data           0x00800100        0x8 load address 0x000002ca
                0x00800100                PROVIDE (__data_start, .)
 *(.data)
 *(.data*)
 .data.USART_OPTIONS
                0x00800100        0x7 main.o
 *(.rodata)
 *(.rodata*)
 *(.gnu.linkonce.d*)
                0x00800108                . = ALIGN (0x2)
 *fill*         0x00800107        0x1 
                0x00800108                _edata = .
                0x00800108                PROVIDE (__data_end, .)

.bss            0x00800108        0x0
                [!provide]                PROVIDE (__bss_start, .)
 *(.bss)
 *(.bss*)
 *(COMMON)
                [!provide]                PROVIDE (__bss_end, .)
                0x000002ca                __data_load_start = LOADADDR (.data)
                0x000002d2                __data_load_end = (__data_load_start + SIZEOF (.data))

.noinit         0x00800108        0x0
                [!provide]                PROVIDE (__noinit_start, .)
 *(.noinit*)
                [!provide]                PROVIDE (__noinit_end, .)
                0x00800108                _end = .
                [!provide]                PROVIDE (__heap_start, .)

.eeprom         0x00810000        0x0
 *(.eeprom*)
                0x00810000                __eeprom_end = .

.fuse
 *(.fuse)
 *(.lfuse)
 *(.hfuse)
 *(.efuse)

.lock
 *(.lock*)

.signature
 *(.signature*)

.user_signatures
 *(.user_signatures*)

.stab
 *(.stab)

.stabstr
 *(.stabstr)

.stab.excl
 *(.stab.excl)

.stab.exclstr
 *(.stab.exclstr)

.stab.index
 *(.stab.index)

.stab.indexstr
 *(.stab.indexstr)

.comment        0x00000000       0x30
 *(.comment)
 .comment       0x00000000       0x30 main.o
                                 0x31 (size before relaxing)
 .comment       0x00000030       0x31 src/ASF/common/services/clock/mega/sysclk.o
 .comment       0x00000030       0x31 src/ASF/mega/drivers/usart/usart_mega.o

.note.gnu.avr.deviceinfo
                0x00000000       0x40
 .note.gnu.avr.deviceinfo
                0x00000000       0x40 D:/Program Files (x86)/Atmel/Studio/7.0/Packs/atmel/ATmega_DFP/1.1.130/gcc/dev/atmega328p/avr5/crtatmega328p.o

.note.gnu.build-id
 *(.note.gnu.build-id)

.debug
 *(.debug)

.line
 *(.line)

.debug_srcinfo
 *(.debug_srcinfo)

.debug_sfnames
 *(.debug_sfnames)

.debug_aranges  0x00000000       0xb0
 *(.debug_aranges)
 .debug_aranges
                0x00000000       0x20 main.o
 .debug_aranges
                0x00000020       0x30 src/ASF/common/services/clock/mega/sysclk.o
 .debug_aranges
                0x00000050       0x60 src/ASF/mega/drivers/usart/usart_mega.o

.debug_pubnames
 *(.debug_pubnames)

.debug_info     0x00000000     0x1acd
 *(.debug_info .gnu.linkonce.wi.*)
 .debug_info    0x00000000      0x5f4 D:/Program Files (x86)/Atmel/Studio/7.0/Packs/atmel/ATmega_DFP/1.1.130/gcc/dev/atmega328p/avr5/crtatmega328p.o
 .debug_info    0x000005f4      0x71c main.o
 .debug_info    0x00000d10      0x2a3 src/ASF/common/services/clock/mega/sysclk.o
 .debug_info    0x00000fb3      0xb1a src/ASF/mega/drivers/usart/usart_mega.o

.debug_abbrev   0x00000000      0xce6
 *(.debug_abbrev)
 .debug_abbrev  0x00000000      0x5a2 D:/Program Files (x86)/Atmel/Studio/7.0/Packs/atmel/ATmega_DFP/1.1.130/gcc/dev/atmega328p/avr5/crtatmega328p.o
 .debug_abbrev  0x000005a2      0x275 main.o
 .debug_abbrev  0x00000817      0x1a6 src/ASF/common/services/clock/mega/sysclk.o
 .debug_abbrev  0x000009bd      0x329 src/ASF/mega/drivers/usart/usart_mega.o

.debug_line     0x00000000     0x1113
 *(.debug_line .debug_line.* .debug_line_end)
 .debug_line    0x00000000      0x133 D:/Program Files (x86)/Atmel/Studio/7.0/Packs/atmel/ATmega_DFP/1.1.130/gcc/dev/atmega328p/avr5/crtatmega328p.o
 .debug_line    0x00000133      0x47a main.o
 .debug_line    0x000005ad      0x445 src/ASF/common/services/clock/mega/sysclk.o
 .debug_line    0x000009f2      0x721 src/ASF/mega/drivers/usart/usart_mega.o

.debug_frame    0x00000000      0x214
 *(.debug_frame)
 .debug_frame   0x00000000       0x24 main.o
 .debug_frame   0x00000024       0x74 src/ASF/common/services/clock/mega/sysclk.o
 .debug_frame   0x00000098      0x17c src/ASF/mega/drivers/usart/usart_mega.o

.debug_str      0x00000000     0xff5a
 *(.debug_str)
 .debug_str     0x00000000      0x208 D:/Program Files (x86)/Atmel/Studio/7.0/Packs/atmel/ATmega_DFP/1.1.130/gcc/dev/atmega328p/avr5/crtatmega328p.o
 .debug_str     0x00000208     0xf73e main.o
                               0xf938 (size before relaxing)
 .debug_str     0x0000f946      0x34c src/ASF/common/services/clock/mega/sysclk.o
                               0xed5d (size before relaxing)
 .debug_str     0x0000fc92      0x2c8 src/ASF/mega/drivers/usart/usart_mega.o
                               0xf929 (size before relaxing)

.debug_loc      0x00000000      0xebb
 *(.debug_loc)
 .debug_loc     0x00000000      0x18a src/ASF/common/services/clock/mega/sysclk.o
 .debug_loc     0x0000018a      0xd31 src/ASF/mega/drivers/usart/usart_mega.o

.debug_macinfo
 *(.debug_macinfo)

.debug_weaknames
 *(.debug_weaknames)

.debug_funcnames
 *(.debug_funcnames)

.debug_typenames
 *(.debug_typenames)

.debug_varnames
 *(.debug_varnames)

.debug_pubtypes
 *(.debug_pubtypes)

.debug_ranges   0x00000000       0x98
 *(.debug_ranges)
 .debug_ranges  0x00000000       0x10 main.o
 .debug_ranges  0x00000010       0x20 src/ASF/common/services/clock/mega/sysclk.o
 .debug_ranges  0x00000030       0x68 src/ASF/mega/drivers/usart/usart_mega.o

.debug_macro    0x00000000     0x3dd3
 *(.debug_macro)
 .debug_macro   0x00000000      0x170 main.o
 .debug_macro   0x00000170      0xa4e main.o
 .debug_macro   0x00000bbe       0x10 main.o
 .debug_macro   0x00000bce      0x1c9 main.o
 .debug_macro   0x00000d97      0x2fc main.o
 .debug_macro   0x00001093       0x9e main.o
 .debug_macro   0x00001131     0x1410 main.o
 .debug_macro   0x00002541      0x13a main.o
 .debug_macro   0x0000267b       0xbd main.o
 .debug_macro   0x00002738       0x34 main.o
 .debug_macro   0x0000276c       0x18 main.o
 .debug_macro   0x00002784       0x6c main.o
 .debug_macro   0x000027f0       0x10 main.o
 .debug_macro   0x00002800      0x166 main.o
 .debug_macro   0x00002966       0x22 main.o
 .debug_macro   0x00002988      0x166 main.o
 .debug_macro   0x00002aee       0x1c main.o
 .debug_macro   0x00002b0a       0x35 main.o
 .debug_macro   0x00002b3f       0x60 main.o
 .debug_macro   0x00002b9f      0x64b main.o
 .debug_macro   0x000031ea       0x44 main.o
 .debug_macro   0x0000322e       0x69 main.o
 .debug_macro   0x00003297       0x2c main.o
 .debug_macro   0x000032c3       0x10 main.o
 .debug_macro   0x000032d3       0xe2 main.o
 .debug_macro   0x000033b5       0x40 main.o
 .debug_macro   0x000033f5      0x100 main.o
 .debug_macro   0x000034f5      0x1c8 main.o
 .debug_macro   0x000036bd       0x56 main.o
 .debug_macro   0x00003713      0x137 src/ASF/common/services/clock/mega/sysclk.o
 .debug_macro   0x0000384a       0x66 src/ASF/common/services/clock/mega/sysclk.o
 .debug_macro   0x000038b0       0x40 src/ASF/common/services/clock/mega/sysclk.o
 .debug_macro   0x000038f0       0x83 src/ASF/common/services/clock/mega/sysclk.o
 .debug_macro   0x00003973      0x15e src/ASF/mega/drivers/usart/usart_mega.o
 .debug_macro   0x00003ad1      0x302 src/ASF/mega/drivers/usart/usart_mega.o
OUTPUT(uart_328p.elf elf32-avr)
LOAD linker stubs
